{
  "version": "1.5.0",
  "plugins_used": [
    {"name": "ArtifactoryDetector"},
    {"name": "AWSKeyDetector"},
    {"name": "AzureStorageKeyDetector"},
    {"name": "Base64HighEntropyString", "limit": 4.5},
    {"name": "BasicAuthDetector"},
    {"name": "CloudantDetector"},
    {"name": "DiscordBotTokenDetector"},
    {"name": "GitHubTokenDetector"},
    {"name": "GitLabTokenDetector"},
    {"name": "IbmCloudIamDetector"},
    {"name": "IbmCosHmacDetector"},
    {"name": "IPPublicDetector"},
    {"name": "JwtTokenDetector"},
    {"name": "KeywordDetector", "keyword_exclude": ""},
    {"name": "MailchimpDetector"},
    {"name": "NpmDetector"},
    {"name": "OpenAIDetector"},
    {"name": "PrivateKeyDetector"},
    {"name": "PypiTokenDetector"},
    {"name": "SendGridDetector"},
    {"name": "SlackDetector"},
    {"name": "SoftlayerDetector"},
    {"name": "SquareOAuthDetector"},
    {"name": "StripeDetector"},
    {"name": "TelegramBotTokenDetector"},
    {"name": "TwilioKeyDetector"}
  ],
  "filters_used": [
    {"path": "detect_secrets.filters.allowlist.is_line_allowlisted"},
    {"path": "detect_secrets.filters.heuristic.is_indirect_reference"},
    {"path": "detect_secrets.filters.heuristic.is_likely_id_string"},
    {"path": "detect_secrets.filters.heuristic.is_lock_file"},
    {"path": "detect_secrets.filters.heuristic.is_not_alphanumeric_string"},
    {"path": "detect_secrets.filters.heuristic.is_potential_uuid"},
    {"path": "detect_secrets.filters.heuristic.is_prefixed_with_dollar_sign"},
    {"path": "detect_secrets.filters.heuristic.is_sequential_string"},
    {"path": "detect_secrets.filters.heuristic.is_swagger_file"},
    {"path": "detect_secrets.filters.heuristic.is_templated_secret"},
    {
      "path": "detect_secrets.filters.regex.should_exclude_file",
      "pattern": ["^(data/training/|data/evals/|results/validation/)"]
    }
  ],
  "results": {
    "src/openweight_platform/web/search.py": [
      {
        "type": "Secret Keyword",
        "filename": "src/openweight_platform/web/search.py",
        "hashed_secret": "46125dd7214670fbb5f5c6b57126ae3440d207f4",
        "is_verified": false,
        "is_secret": false,
        "line_number": 11
      }
    ],
    "tests/test_api_service.py": [
      {
        "type": "Secret Keyword",
        "filename": "tests/test_api_service.py",
        "hashed_secret": "173b8343653d8a1097e73668c7f51b4f4c8c957e",
        "is_verified": false,
        "is_secret": false,
        "line_number": 231
      },
      {
        "type": "Secret Keyword",
        "filename": "tests/test_api_service.py",
        "hashed_secret": "8fc3006dd93a12f52014e1568f7787804dbac281",
        "is_verified": false,
        "is_secret": false,
        "line_number": 235
      },
      {
        "type": "Secret Keyword",
        "filename": "tests/test_api_service.py",
        "hashed_secret": "a8ddd6805ce1b9e5ef7e0d5a2abb3d013b43239c",
        "is_verified": false,
        "is_secret": false,
        "line_number": 582
      }
    ],
    "tests/test_muse_glimmer_backend.py": [
      {
        "type": "Basic Auth Credentials",
        "filename": "tests/test_muse_glimmer_backend.py",
        "hashed_secret": "5baa61e4c9b93f3f0682250b6cf8331b7ee68fd8",
        "is_verified": false,
        "is_secret": false,
        "line_number": 193
      }
    ],
    "tests/test_operations_actions.py": [
      {
        "type": "Secret Keyword",
        "filename": "tests/test_operations_actions.py",
        "hashed_secret": "9fb7fe1217aed442b04c0f5e43b5d5a7d3287097",
        "is_verified": false,
        "is_secret": false,
        "line_number": 74
      }
    ],
    "tests/test_operations_service.py": [
      {
        "type": "Secret Keyword",
        "filename": "tests/test_operations_service.py",
        "hashed_secret": "9fb7fe1217aed442b04c0f5e43b5d5a7d3287097",
        "is_verified": false,
        "is_secret": false,
        "line_number": 101
      }
    ],
    "tests/test_rag_database.py": [
      {
        "type": "Secret Keyword",
        "filename": "tests/test_rag_database.py",
        "hashed_secret": "e5e9fa1ba31ecd1ae84f75caaa474f3a663f05f4",
        "is_verified": false,
        "is_secret": false,
        "line_number": 11
      },
      {
        "type": "Secret Keyword",
        "filename": "tests/test_rag_database.py",
        "hashed_secret": "79b21dcf2025c4966f9c0a7777f386f43a3cf9d5",
        "is_verified": false,
        "is_secret": false,
        "line_number": 34
      },
      {
        "type": "Basic Auth Credentials",
        "filename": "tests/test_rag_database.py",
        "hashed_secret": "e6ec3de59f17e77b3dea4860e37d8b33c1a4fc3c",
        "is_verified": false,
        "is_secret": false,
        "line_number": 43
      }
    ],
    "tests/test_smoke_approval_write.py": [
      {
        "type": "Secret Keyword",
        "filename": "tests/test_smoke_approval_write.py",
        "hashed_secret": "0747b8bbd6c65574c2cda256cab32449b1166c93",
        "is_verified": false,
        "is_secret": false,
        "line_number": 40
      }
    ],
    "tests/test_web_search.py": [
      {
        "type": "Secret Keyword",
        "filename": "tests/test_web_search.py",
        "hashed_secret": "95e3d05ea8a0982af92b357ceefc7bf59f6cd847",
        "is_verified": false,
        "is_secret": false,
        "line_number": 157
      },
      {
        "type": "Secret Keyword",
        "filename": "tests/test_web_search.py",
        "hashed_secret": "a23d0d1390d1173327c5670c1bd1fd6bba1becf3",
        "is_verified": false,
        "is_secret": false,
        "line_number": 208
      }
    ]
  },
  "generated_at": "2026-08-29T00:23:02Z"
}
